// Jest Snapshot v1, https://goo.gl/fbAQLP

exports[`NotificationCard NotificationCard component should render correctly 1`] = `
Object {
  "asFragment": [Function],
  "baseElement": <body>
    <div>
      <div
        class="sc-aXZVg hFrbSd"
      >
        <div
          class="sc-fqkvVR dprRsV"
        >
          <div
            class="sc-dcJsrY cySWUE"
          />
        </div>
        <div
          class="sc-gEvEer xxCMM"
        >
          <p
            style="font-family: Roboto, Arial, sans-serif; font-weight: bold; font-size: 14px; color: rgb(36, 42, 47); width: 100%;"
          >
            Get 2 months of Disney Plus free
          </p>
          <p
            style="font-family: Roboto, Arial, sans-serif; font-weight: 500; font-size: 14px; color: rgb(169, 177, 183);"
          >
            Don't miss out! Get 3 months of streaming for the price of 1
          </p>
        </div>
        <div
          class="sc-dcJsrY cySWUE"
        />
        <div
          class="sc-eqUAAy fRlqEH"
        >
          <span />
        </div>
      </div>
    </div>
  </body>,
  "container": <div>
    <div
      class="sc-aXZVg hFrbSd"
    >
      <div
        class="sc-fqkvVR dprRsV"
      >
        <div
          class="sc-dcJsrY cySWUE"
        />
      </div>
      <div
        class="sc-gEvEer xxCMM"
      >
        <p
          style="font-family: Roboto, Arial, sans-serif; font-weight: bold; font-size: 14px; color: rgb(36, 42, 47); width: 100%;"
        >
          Get 2 months of Disney Plus free
        </p>
        <p
          style="font-family: Roboto, Arial, sans-serif; font-weight: 500; font-size: 14px; color: rgb(169, 177, 183);"
        >
          Don't miss out! Get 3 months of streaming for the price of 1
        </p>
      </div>
      <div
        class="sc-dcJsrY cySWUE"
      />
      <div
        class="sc-eqUAAy fRlqEH"
      >
        <span />
      </div>
    </div>
  </div>,
  "debug": [Function],
  "findAllByAltText": [Function],
  "findAllByDisplayValue": [Function],
  "findAllByLabelText": [Function],
  "findAllByPlaceholderText": [Function],
  "findAllByRole": [Function],
  "findAllByTestId": [Function],
  "findAllByText": [Function],
  "findAllByTitle": [Function],
  "findByAltText": [Function],
  "findByDisplayValue": [Function],
  "findByLabelText": [Function],
  "findByPlaceholderText": [Function],
  "findByRole": [Function],
  "findByTestId": [Function],
  "findByText": [Function],
  "findByTitle": [Function],
  "getAllByAltText": [Function],
  "getAllByDisplayValue": [Function],
  "getAllByLabelText": [Function],
  "getAllByPlaceholderText": [Function],
  "getAllByRole": [Function],
  "getAllByTestId": [Function],
  "getAllByText": [Function],
  "getAllByTitle": [Function],
  "getByAltText": [Function],
  "getByDisplayValue": [Function],
  "getByLabelText": [Function],
  "getByPlaceholderText": [Function],
  "getByRole": [Function],
  "getByTestId": [Function],
  "getByText": [Function],
  "getByTitle": [Function],
  "queryAllByAltText": [Function],
  "queryAllByDisplayValue": [Function],
  "queryAllByLabelText": [Function],
  "queryAllByPlaceholderText": [Function],
  "queryAllByRole": [Function],
  "queryAllByTestId": [Function],
  "queryAllByText": [Function],
  "queryAllByTitle": [Function],
  "queryByAltText": [Function],
  "queryByDisplayValue": [Function],
  "queryByLabelText": [Function],
  "queryByPlaceholderText": [Function],
  "queryByRole": [Function],
  "queryByTestId": [Function],
  "queryByText": [Function],
  "queryByTitle": [Function],
  "rerender": [Function],
  "unmount": [Function],
}
`;
