// Jest Snapshot v1, https://goo.gl/fbAQLP

exports[`TilesList renders correctly 1`] = `[Function]`;
