// Jest Snapshot v1, https://goo.gl/fbAQLP

exports[`QRDropdownItem QRDropdownItem component should render correctly 1`] = `
Object {
  "asFragment": [Function],
  "baseElement": <body>
    <div>
      <div
        class="sc-iGgWBj eFYmRU"
      >
        <div
          class="sc-gsFSXq gnYjrc"
        >
          <img
            alt="QR Code --> Download application"
            class="sc-kAyceB kjPvUD"
            src="QRCode.svg"
          />
          <div
            class="sc-imWYAI qAOLQ"
          >
            <p
              style="font-family: Roboto, Arial, sans-serif; font-weight: bold; font-size: 14px; color: rgb(36, 42, 47); text-align: center;"
            >
              Free Credit Score
            </p>
            <p
              style="font-family: Roboto, Arial, sans-serif; font-weight: 500; font-size: 14px; color: rgb(36, 42, 47); text-align: center;"
            >
              Scan to download the ultimate money app
            </p>
          </div>
          <div
            class="sc-dcJsrY AyQQA"
          >
            <button
              class="sc-gEvEer sc-fqkvVR caaaGq dFiuBA"
              style="border-radius: 100rem;"
            >
              Get it now
            </button>
          </div>
        </div>
      </div>
    </div>
  </body>,
  "container": <div>
    <div
      class="sc-iGgWBj eFYmRU"
    >
      <div
        class="sc-gsFSXq gnYjrc"
      >
        <img
          alt="QR Code --> Download application"
          class="sc-kAyceB kjPvUD"
          src="QRCode.svg"
        />
        <div
          class="sc-imWYAI qAOLQ"
        >
          <p
            style="font-family: Roboto, Arial, sans-serif; font-weight: bold; font-size: 14px; color: rgb(36, 42, 47); text-align: center;"
          >
            Free Credit Score
          </p>
          <p
            style="font-family: Roboto, Arial, sans-serif; font-weight: 500; font-size: 14px; color: rgb(36, 42, 47); text-align: center;"
          >
            Scan to download the ultimate money app
          </p>
        </div>
        <div
          class="sc-dcJsrY AyQQA"
        >
          <button
            class="sc-gEvEer sc-fqkvVR caaaGq dFiuBA"
            style="border-radius: 100rem;"
          >
            Get it now
          </button>
        </div>
      </div>
    </div>
  </div>,
  "debug": [Function],
  "findAllByAltText": [Function],
  "findAllByDisplayValue": [Function],
  "findAllByLabelText": [Function],
  "findAllByPlaceholderText": [Function],
  "findAllByRole": [Function],
  "findAllByTestId": [Function],
  "findAllByText": [Function],
  "findAllByTitle": [Function],
  "findByAltText": [Function],
  "findByDisplayValue": [Function],
  "findByLabelText": [Function],
  "findByPlaceholderText": [Function],
  "findByRole": [Function],
  "findByTestId": [Function],
  "findByText": [Function],
  "findByTitle": [Function],
  "getAllByAltText": [Function],
  "getAllByDisplayValue": [Function],
  "getAllByLabelText": [Function],
  "getAllByPlaceholderText": [Function],
  "getAllByRole": [Function],
  "getAllByTestId": [Function],
  "getAllByText": [Function],
  "getAllByTitle": [Function],
  "getByAltText": [Function],
  "getByDisplayValue": [Function],
  "getByLabelText": [Function],
  "getByPlaceholderText": [Function],
  "getByRole": [Function],
  "getByTestId": [Function],
  "getByText": [Function],
  "getByTitle": [Function],
  "queryAllByAltText": [Function],
  "queryAllByDisplayValue": [Function],
  "queryAllByLabelText": [Function],
  "queryAllByPlaceholderText": [Function],
  "queryAllByRole": [Function],
  "queryAllByTestId": [Function],
  "queryAllByText": [Function],
  "queryAllByTitle": [Function],
  "queryByAltText": [Function],
  "queryByDisplayValue": [Function],
  "queryByLabelText": [Function],
  "queryByPlaceholderText": [Function],
  "queryByRole": [Function],
  "queryByTestId": [Function],
  "queryByText": [Function],
  "queryByTitle": [Function],
  "rerender": [Function],
  "unmount": [Function],
}
`;
